**********************
Windows PowerShell transcript start
Start time: 20251010004532
Username: DESKTOP-43PR0M5\MR.NELSON
RunAs User: DESKTOP-43PR0M5\MR.NELSON
Configuration Name: 
Machine: DESKTOP-43PR0M5 (Microsoft Windows NT 10.0.19045.0)
Host Application: C:\Windows\System32\WindowsPowerShell\v1.0\powershell.exe
Process ID: 2592
PSVersion: 5.1.19041.6392
PSEdition: Desktop
PSCompatibleVersions: 1.0, 2.0, 3.0, 4.0, 5.0, 5.1.19041.6392
BuildVersion: 10.0.19041.6392
CLRVersion: 4.0.30319.42000
WSManStackVersion: 3.0
PSRemotingProtocolVersion: 2.3
SerializationVersion: 1.1.0.1
**********************

== Testing Neon DB connection ==
Installing pg@8 and creating __neon_test.js...
DATABASE_URL host: ep-withered-hall-adpo8e37-pooler.c-2.us-east-1.aws.neon.tech
DIRECT_DATABASE_URL host: ep-withered-hall-adpo8e37.c-2.us-east-1.aws.neon.tech
node:internal/modules/cjs/loader:1423
  throw err;
  ^

Error: Cannot find module 'C:\Users\MR.NELSON\Downloads\truvern\__neon_test.js'
    at Module._resolveFilename (node:internal/modules/cjs/loader:1420:15)
    at defaultResolveImpl (node:internal/modules/cjs/loader:1058:19)
    at resolveForCJSWithHooks (node:internal/modules/cjs/loader:1063:22)
    at Module._load (node:internal/modules/cjs/loader:1226:37)
    at TracingChannel.traceSync (node:diagnostics_channel:322:14)
    at wrapModuleLoad (node:internal/modules/cjs/loader:244:24)
    at Module.executeUserEntryPoint [as runMain] (node:internal/modules/run_main:154:5)
    at node:internal/main/run_main_module:33:47 {
  code: 'MODULE_NOT_FOUND',
  requireStack: []
}

Node.js v24.8.0

❌ Connection failed. Check Neon URLs/password in .env, then re-run.
**********************
Windows PowerShell transcript end
End time: 20251010004532
**********************
