**********************
Windows PowerShell transcript start
Start time: 20251111205312
Username: DESKTOP-43PR0M5\MR.NELSON
RunAs User: DESKTOP-43PR0M5\MR.NELSON
Configuration Name: 
Machine: DESKTOP-43PR0M5 (Microsoft Windows NT 10.0.19045.0)
Host Application: C:\WINDOWS\System32\WindowsPowerShell\v1.0\powershell.exe -ExecutionPolicy Bypass -File .\Phase131-UI-Polish-Final.ps1
Process ID: 8212
PSVersion: 5.1.19041.6456
PSEdition: Desktop
PSCompatibleVersions: 1.0, 2.0, 3.0, 4.0, 5.0, 5.1.19041.6456
BuildVersion: 10.0.19041.6456
CLRVersion: 4.0.30319.42000
WSManStackVersion: 3.0
PSRemotingProtocolVersion: 2.3
SerializationVersion: 1.1.0.1
**********************
=== Phase131: UI Polish and Final Build ===
Repo Root: C:\Users\MR.NELSON\Downloads\truvern
Step 1/6: Checking Node and PNPM ...
Node: v24.8.0
PNPM: 10.20.0
Step 2/6: Polishing public assets (favicon, manifest, robots) ...
No Next.js workspaces found under apps/. Continuing with repo root public/ if present.
Step 3/6: Installing dependencies (pnpm install) ...
Dependencies installed.
Step 4/6: Building all workspaces (pnpm -r run build) ...
No projects matched the filters in "C:\Users\MR.NELSON\Downloads\truvern"
Build step finished.
Step 5/6: Verifying CSS emission ...
No app directories discovered to verify.

Step 6/6: Summary
Apps discovered: 0
CSS verified OK: 0 of 0
UI polish complete (no app directories found to verify).
Log saved to: C:\Users\MR.NELSON\Downloads\truvern\Phase131-UI-Polish-Final.log
**********************
Windows PowerShell transcript end
End time: 20251111205321
**********************
