**********************
Windows PowerShell transcript start
Start time: 20251106164959
Username: DESKTOP-43PR0M5\MR.NELSON
RunAs User: DESKTOP-43PR0M5\MR.NELSON
Configuration Name: 
Machine: DESKTOP-43PR0M5 (Microsoft Windows NT 10.0.19045.0)
Host Application: C:\WINDOWS\System32\WindowsPowerShell\v1.0\powershell.exe -NoLogo -NoExit -ExecutionPolicy Bypass -Command Start-Transcript -Path '.\phase90d-run.log' -Force; 
            \Continue='Stop'; 
            try { .\Phase90d-Patch2.ps1 } 
            catch { Write-Host 'FATAL:' -ForegroundColor Red;  | Format-List * -Force; } 
            finally { Stop-Transcript; Write-Host '
Log saved to phase90d-run.log'; }
Process ID: 6044
PSVersion: 5.1.19041.6456
PSEdition: Desktop
PSCompatibleVersions: 1.0, 2.0, 3.0, 4.0, 5.0, 5.1.19041.6456
BuildVersion: 10.0.19041.6456
CLRVersion: 4.0.30319.42000
WSManStackVersion: 3.0
PSRemotingProtocolVersion: 2.3
SerializationVersion: 1.1.0.1
**********************

=== Phase90e-SafeFixed — Stripe Secret Fix, Env Sync, Build & Deploy ===
• Checking Vercel CLI...
• Verifying Vercel authentication...
• Linking to nelson-addaes-projects/truvern ...
✔ Linked to nelson-addaes-projects/truvern.
• Pulling Vercel production envs -> .env.__pulled ...

• Setting STRIPE_SECRET_KEY (production)...
✖ Failed to set STRIPE_SECRET_KEY in production (exit 1)
PS>TerminatingError(): "Failed to set STRIPE_SECRET_KEY in production (exit 1)"
>> TerminatingError(): "Failed to set STRIPE_SECRET_KEY in production (exit 1)"

FATAL:


PSMessageDetails      :
Exception             : System.Management.Automation.RuntimeException: Failed to set
                        STRIPE_SECRET_KEY in production (exit 1)
TargetObject          : Failed to set STRIPE_SECRET_KEY in production (exit 1)
CategoryInfo          : OperationStopped: (Failed to set S...uction (exit 1):String) [],
                        RuntimeException
FullyQualifiedErrorId : Failed to set STRIPE_SECRET_KEY in production (exit 1)
ErrorDetails          :
InvocationInfo        : System.Management.Automation.InvocationInfo
ScriptStackTrace      : at Fail, <No file>: line 16
                        at Vercel-Env-Set, <No file>: line 40
                        at <ScriptBlock>, <No file>: line 87
PipelineIterationInfo : {}



**********************
Windows PowerShell transcript end
End time: 20251106165015
**********************
