**********************
Windows PowerShell transcript start
Start time: 20251106170339
Username: DESKTOP-43PR0M5\MR.NELSON
RunAs User: DESKTOP-43PR0M5\MR.NELSON
Configuration Name: 
Machine: DESKTOP-43PR0M5 (Microsoft Windows NT 10.0.19045.0)
Host Application: C:\WINDOWS\System32\WindowsPowerShell\v1.0\powershell.exe -NoLogo -NoExit -ExecutionPolicy Bypass -Command Start-Transcript -Path '.\phase90d-run.log' -Force; 
            \Continue='Stop'; 
            try { .\Phase90d-Patch2.ps1 } 
            catch { Write-Host 'FATAL:' -ForegroundColor Red;  | Format-List * -Force; } 
            finally { Stop-Transcript; Write-Host '
Log saved to phase90d-run.log'; }
Process ID: 6044
PSVersion: 5.1.19041.6456
PSEdition: Desktop
PSCompatibleVersions: 1.0, 2.0, 3.0, 4.0, 5.0, 5.1.19041.6456
BuildVersion: 10.0.19041.6456
CLRVersion: 4.0.30319.42000
WSManStackVersion: 3.0
PSRemotingProtocolVersion: 2.3
SerializationVersion: 1.1.0.1
**********************
• Auth check...
• Linking to nelson-addaes-projects/truvern ...
✔ Linked.
• Pulling production envs -> .env.__pulled ...
• Removing existing STRIPE_SECRET_KEY (ok if not present)...
• Setting STRIPE_SECRET_KEY with vercel@48.7.1 (non-interactive)...
✖ Failed to set STRIPE_SECRET_KEY (exit [1mnpm[22m [31merror[39m [94mcode[39m ENOENT [1mnpm[22m [31merror[39m [94msyscall[39m open [1mnpm[22m [31merror[39m [94mpath[39m C:\Users\MR.NELSON\Downloads\truvern\.npm-cache\_npx\e30d58f7e72e0707\package.json [1mnpm[22m [31merror[39m [94merrno[39m [33m-4058[39m [1mnpm[22m [31merror[39m [94menoent[39m Could not read package.json: Error: ENOENT: no such file or directory, open 'C:\Users\MR.NELSON\Downloads\truvern\.npm-cache\_npx\e30d58f7e72e0707\package.json' [1mnpm[22m [31merror[39m [94menoent[39m This is related to npm not being able to find a file. [1mnpm[22m [31merror[39m [94menoent[39m [1mnpm[22m [31merror[39m A complete log of this run can be found in: C:\Users\MR.NELSON\Downloads\truvern\.npm-cache\_logs\2025-11-06T23_04_36_647Z-debug-0.log -4058)
**********************
Windows PowerShell transcript end
End time: 20251106170442
**********************
