**********************
Windows PowerShell transcript start
Start time: 20251106165846
Username: DESKTOP-43PR0M5\MR.NELSON
RunAs User: DESKTOP-43PR0M5\MR.NELSON
Configuration Name: 
Machine: DESKTOP-43PR0M5 (Microsoft Windows NT 10.0.19045.0)
Host Application: C:\WINDOWS\System32\WindowsPowerShell\v1.0\powershell.exe -NoLogo -NoExit -ExecutionPolicy Bypass -Command Start-Transcript -Path '.\phase90d-run.log' -Force; 
            \Continue='Stop'; 
            try { .\Phase90d-Patch2.ps1 } 
            catch { Write-Host 'FATAL:' -ForegroundColor Red;  | Format-List * -Force; } 
            finally { Stop-Transcript; Write-Host '
Log saved to phase90d-run.log'; }
Process ID: 6044
PSVersion: 5.1.19041.6456
PSEdition: Desktop
PSCompatibleVersions: 1.0, 2.0, 3.0, 4.0, 5.0, 5.1.19041.6456
BuildVersion: 10.0.19041.6456
CLRVersion: 4.0.30319.42000
WSManStackVersion: 3.0
PSRemotingProtocolVersion: 2.3
SerializationVersion: 1.1.0.1
**********************
• Auth check with current CLI...
• Linking to nelson-addaes-projects/truvern ...
• Pulling production envs -> .env.__pulled ...
• Setting STRIPE_SECRET_KEY using vercel@48.7.1 ...
PS>TerminatingError(node.exe): "The running command stopped because the preference variable "ErrorActionPreference" or common parameter is set to Stop: [1mnpm[22m [33mwarn[39m [94mdeprecated[39m path-match@1.2.4: This package is archived and no longer maintained. For support, visit https://github.com/expressjs/express/discussions"
>> TerminatingError(node.exe): "The running command stopped because the preference variable "ErrorActionPreference" or common parameter is set to Stop: [1mnpm[22m [33mwarn[39m [94mdeprecated[39m path-match@1.2.4: This package is archived and no longer maintained. For support, visit https://github.com/expressjs/express/discussions"
>> TerminatingError(node.exe): "The running command stopped because the preference variable "ErrorActionPreference" or common parameter is set to Stop: [1mnpm[22m [33mwarn[39m [94mdeprecated[39m path-match@1.2.4: This package is archived and no longer maintained. For support, visit https://github.com/expressjs/express/discussions"

FATAL:


PSMessageDetails      :
Exception             : System.Management.Automation.RemoteException: [1mnpm[22m [33mwarn[39m [94mdeprecated[39m
                        path-match@1.2.4: This package is archived and no longer maintained. For
                        support, visit https://github.com/expressjs/express/discussions
TargetObject          : [1mnpm[22m [33mwarn[39m [94mdeprecated[39m path-match@1.2.4: This package is archived and no
                        longer maintained. For support, visit
                        https://github.com/expressjs/express/discussions
CategoryInfo          : NotSpecified: ([1mnpm[22m [...ess/discussions:String) [], RemoteException
FullyQualifiedErrorId : NativeCommandError
ErrorDetails          :
InvocationInfo        : System.Management.Automation.InvocationInfo
ScriptStackTrace      : at <ScriptBlock>, <No file>: line 1
                        at <ScriptBlock>, C:\nvm4w\nodejs\npx.ps1: line 47
                        at <ScriptBlock>, <No file>: line 64
PipelineIterationInfo : {}



**********************
Windows PowerShell transcript end
End time: 20251106170014
**********************
