**********************
Windows PowerShell transcript start
Start time: 20251106165459
Username: DESKTOP-43PR0M5\MR.NELSON
RunAs User: DESKTOP-43PR0M5\MR.NELSON
Configuration Name: 
Machine: DESKTOP-43PR0M5 (Microsoft Windows NT 10.0.19045.0)
Host Application: C:\WINDOWS\System32\WindowsPowerShell\v1.0\powershell.exe -NoLogo -NoExit -ExecutionPolicy Bypass -Command Start-Transcript -Path '.\phase90d-run.log' -Force; 
            \Continue='Stop'; 
            try { .\Phase90d-Patch2.ps1 } 
            catch { Write-Host 'FATAL:' -ForegroundColor Red;  | Format-List * -Force; } 
            finally { Stop-Transcript; Write-Host '
Log saved to phase90d-run.log'; }
Process ID: 6044
PSVersion: 5.1.19041.6456
PSEdition: Desktop
PSCompatibleVersions: 1.0, 2.0, 3.0, 4.0, 5.0, 5.1.19041.6456
BuildVersion: 10.0.19041.6456
CLRVersion: 4.0.30319.42000
WSManStackVersion: 3.0
PSRemotingProtocolVersion: 2.3
SerializationVersion: 1.1.0.1
**********************

=== Phase90e-SafeFixed3 — Stripe Secret Fix, Env Sync, Build & Deploy ===
• Auth check...
• Linking to nelson-addaes-projects/truvern ...
✔ Linked.
• Pulling production envs -> .env.__pulled ...
• Setting STRIPE_SECRET_KEY (production)...
PS>TerminatingError(node.exe): "The running command stopped because the preference variable "ErrorActionPreference" or common parameter is set to Stop: Vercel CLI 48.8.2"
>> TerminatingError(node.exe): "The running command stopped because the preference variable "ErrorActionPreference" or common parameter is set to Stop: Vercel CLI 48.8.2"
>> TerminatingError(node.exe): "The running command stopped because the preference variable "ErrorActionPreference" or common parameter is set to Stop: Vercel CLI 48.8.2"

FATAL:


PSMessageDetails      :
Exception             : System.Management.Automation.RemoteException: Vercel CLI 48.8.2
TargetObject          : Vercel CLI 48.8.2
CategoryInfo          : NotSpecified: (Vercel CLI 48.8.2:String) [], RemoteException
FullyQualifiedErrorId : NativeCommandError
ErrorDetails          :
InvocationInfo        : System.Management.Automation.InvocationInfo
ScriptStackTrace      : at <ScriptBlock>, C:\Users\MR.NELSON\AppData\Roaming\npm\vercel.ps1: line 24
                        at Vercel-Env-Set, <No file>: line 45
                        at <ScriptBlock>, <No file>: line 107
PipelineIterationInfo : {}



**********************
Windows PowerShell transcript end
End time: 20251106165519
**********************
