**********************
Windows PowerShell transcript start
Start time: 20251106171053
Username: DESKTOP-43PR0M5\MR.NELSON
RunAs User: DESKTOP-43PR0M5\MR.NELSON
Configuration Name: 
Machine: DESKTOP-43PR0M5 (Microsoft Windows NT 10.0.19045.0)
Host Application: C:\Windows\System32\WindowsPowerShell\v1.0\powershell.exe
Process ID: 7260
PSVersion: 5.1.19041.6456
PSEdition: Desktop
PSCompatibleVersions: 1.0, 2.0, 3.0, 4.0, 5.0, 5.1.19041.6456
BuildVersion: 10.0.19041.6456
CLRVersion: 4.0.30319.42000
WSManStackVersion: 3.0
PSRemotingProtocolVersion: 2.3
SerializationVersion: 1.1.0.1
**********************

FATAL:


PSMessageDetails      :
Exception             : System.Management.Automation.RuntimeException: Phase90e-DowngradeLocal.ps1
                        not found in project root.
TargetObject          : Phase90e-DowngradeLocal.ps1 not found in project root.
CategoryInfo          : OperationStopped: (Phase90e-Downgr...n project root.:String) [],
                        RuntimeException
FullyQualifiedErrorId : Phase90e-DowngradeLocal.ps1 not found in project root.
ErrorDetails          :
InvocationInfo        : System.Management.Automation.InvocationInfo
ScriptStackTrace      : at <ScriptBlock>, C:\Users\MR.NELSON\Downloads\truvern\Phase90e-Runner.ps1:
                        line 9
                        at <ScriptBlock>, <No file>: line 29
PipelineIterationInfo : {}



**********************
Windows PowerShell transcript end
End time: 20251106171053
**********************
