**********************
Windows PowerShell transcript start
Start time: 20251106155938
Username: DESKTOP-43PR0M5\MR.NELSON
RunAs User: DESKTOP-43PR0M5\MR.NELSON
Configuration Name: 
Machine: DESKTOP-43PR0M5 (Microsoft Windows NT 10.0.19045.0)
Host Application: C:\WINDOWS\System32\WindowsPowerShell\v1.0\powershell.exe -NoLogo -NoExit -ExecutionPolicy Bypass -Command Start-Transcript -Path '.\phase90d-run.log' -Force; 
            \Continue = 'Stop'; 
            try { .\Phase90d-Patch2.ps1 } 
            catch { Write-Host 'FATAL:' -ForegroundColor Red; Write-Output \ | Format-List * -Force } 
            finally { Stop-Transcript; Write-Host '
Log saved to phase90d-run.log'; }
Process ID: 3860
PSVersion: 5.1.19041.6456
PSEdition: Desktop
PSCompatibleVersions: 1.0, 2.0, 3.0, 4.0, 5.0, 5.1.19041.6456
BuildVersion: 10.0.19041.6456
CLRVersion: 4.0.30319.42000
WSManStackVersion: 3.0
PSRemotingProtocolVersion: 2.3
SerializationVersion: 1.1.0.1
**********************
• Linking to nelson-addaes-projects/truvern ...
✔ Linked.
• Pulling Vercel production envs -> .env.__pulled ...
✖ STRIPE_SECRET_KEY not found in any env file: C:\Users\MR.NELSON\Downloads\truvern\.env, C:\Users\MR.NELSON\Downloads\truvern\.env.production, C:\Users\MR.NELSON\Downloads\truvern\.env.local, C:\Users\MR.NELSON\Downloads\truvern\apps\tprm\.env, C:\Users\MR.NELSON\Downloads\truvern\.env.__pulled

✔ Completed without fatal errors.
**********************
Windows PowerShell transcript end
End time: 20251106155945
**********************
